--- Starting Splitting Strategy Evaluation ---
Loaded System Prompt from: C:\Users\ricke\Desktop\immersive-viewer-antigrovity\docs\prompt


Testing Word: [ Candidate ]
Result Type: object
Analysis Type: Layer 3 (Puzzle)
Parts: [
  {
    "label": "摮? OR ?脤 (憿舐內璅惜)",
    "content": "Cand",
    "definition": "靘??隤?cand-嚗??箇???賬?鈭?
  },
  {
    "label": "摮 OR ?澆? (憿舐內璅惜)",
    "content": "Date",
    "definition": "?亙?????典?撠曉耦?鈭箇??澆?蝯?嚗?蝷箄◤?豢?銋??颯?
  }
]
Teaching Visual: ?恍?舀?嚗忽?質????脣?銝?蝷箔?憿楊憭抒??交???鞊∪噩隞鋡怨?鈭?Image Prompt: A single composite scene in Pixar-style 3D animation: a character wearing a white robe stands on a stage presenting a large, shiny date fruit to a panel of judges; bright, high-contrast colors, friendly and cute design; no text visible; the image should convey the idea of a candidate ??someone being considered for a position.
-----------------------------------

Testing Word: [ Museum ]
Result Type: object
Analysis Type: Layer 2 (Standard)
Parts: [
  {
    "label": "摮 (Root)",
    "content": "Muse",
    "definition": "Muse嚗?????靘?嚗憚?臬戊蟡?
  },
  {
    "label": "摮偏 (Suffix)",
    "content": "um",
    "definition": "-um嚗?銝?敺韌嚗虜閬銵函內?圈??????蝯偏"
  }
]
Teaching Visual: ?恍?舀?嚗銝摨批?敶拍厭蝝??擗刻ㄐ嚗?雿?憌?蝻芣?撅???瞈?澆酋摮??喳????抵?????皛輸???鈭??湔??Image Prompt: A 3D Pixar-style scene inside a bright, colorful museum filled with glass display cases and vibrant paintings. A friendly winged muse hovers beside a curious child, whispering ideas as glowing orbs float from the muse to the exhibits, linking inspiration to artifacts. The scene is warm, high-contrast, and kid-friendly, with no text anywhere in the image.
-----------------------------------

Testing Word: [ Restaurant ]
Result Type: object
Analysis Type: Layer 3 (Puzzle)
Parts: [
  {
    "label": "摮? OR ?脤 (憿舐內璅惜)",
    "content": "Rest",
    "definition": "隡嚗?蝷箏摮??剔??唾????澆?"
  },
  {
    "label": "摮 OR ?澆? (憿舐內璅惜)",
    "content": "aurant",
    "definition": "?絲靘? aura嚗??堆?+ ant嚗??鳴???單?蝷綽??其誑?舐??游摮??潮??蝢?
  }
]
Teaching Visual: ?恍?喳?嚗?蝢文???蝛輯?撱葦撣踝??券?撱喟??批敹?嚗?????嚗恥鈭箏??冽????臭蒂?券???Image Prompt: A single composite scene in 3D Pixar-style animation, cute and friendly, with vivid colors. In a bright dining space, cheerful ants wearing chef hats work at a colorful kitchen island, surrounded by a warm glowing aura. Families and kids sit at cozy tables, relaxing and enjoying meals. The scene combines the ideas of Rest and eating in one dining space, reflecting the meaning of a place where meals are served. No text anywhere in the image.
-----------------------------------

Testing Word: [ Volcano ]
Result Type: object
Analysis Type: Layer 3 (Puzzle)
Parts: [
  {
    "label": "摮?/?脤 (憿舐內璅惜)",
    "content": "Vol",
    "definition": "?韌/摮??箸?銝? vol-嚗?敹?????憒?voluntary?olition嚗甇斤雿?敹捱敹??舀韏琿???
  },
  {
    "label": "摮/?澆? (憿舐內璅惜)",
    "content": "Cano",
    "definition": "?舀撠???刻? (canoe) ?撖恍?隡潮??隞?”??宏???情嚗隞仿???怠控?渡??蝔??喳???
  }
]
Teaching Visual: ?恍?嚗?摨扯”?????怠控?遛瘙箏??啣??lava嚗????????刻?嚗??痔瘝單?銝凋誑鈭??孵????嚗???volcano ?敹?蝢押?Image Prompt: A single composite scene in 3D Pixar-style animation: a friendly volcano with a determined expression erupts gently as a small wooden canoe sits on a glowing lava lake at the crater rim. A bright lava river flows from the crater, connecting the volcano and the canoe in a magical, interactive scene. No text. High-contrast, vivid colors, suitable for ages 4-16.
-----------------------------------
